// Jest Snapshot v1, https://goo.gl/fbAQLP

exports[`timeline/TrackScreenshots matches the component snapshot 1`] = `
<div
  class="timelineTrackScreenshot"
  style="height: 50px;"
>
  <div
    class="timelineTrackScreenshotImgContainer"
    style="left: 0px; width: 37.5px;"
  >
    <img
      alt="Screenshot recorded at 0.000s"
      class="timelineTrackScreenshotImg"
      src="CompositorScreenshot"
      style="width: 100px; height: 50px;"
    />
  </div>
  <div
    class="timelineTrackScreenshotImgContainer"
    style="left: 37.5px; width: 37.5px;"
  >
    <img
      alt="Screenshot recorded at 0.000s"
      class="timelineTrackScreenshotImg"
      src="CompositorScreenshot"
      style="width: 100px; height: 50px;"
    />
  </div>
  <div
    class="timelineTrackScreenshotImgContainer"
    style="left: 75px; width: 37.5px;"
  >
    <img
      alt="Screenshot recorded at 0.001s"
      class="timelineTrackScreenshotImg"
      src="CompositorScreenshot"
      style="width: 100px; height: 50px;"
    />
  </div>
  <div
    class="timelineTrackScreenshotImgContainer"
    style="left: 112.5px; width: 37.5px;"
  >
    <img
      alt="Screenshot recorded at 0.002s"
      class="timelineTrackScreenshotImg"
      src="CompositorScreenshot"
      style="width: 100px; height: 50px;"
    />
  </div>
  <div
    class="timelineTrackScreenshotImgContainer"
    style="left: 150px; width: 37.5px;"
  >
    <img
      alt="Screenshot recorded at 0.003s"
      class="timelineTrackScreenshotImg"
      src="CompositorScreenshot"
      style="width: 100px; height: 50px;"
    />
  </div>
  <div
    class="timelineTrackScreenshotImgContainer"
    style="left: 187.5px; width: 37.5px;"
  >
    <img
      alt="Screenshot recorded at 0.004s"
      class="timelineTrackScreenshotImg"
      src="CompositorScreenshot"
      style="width: 100px; height: 50px;"
    />
  </div>
  <div
    class="timelineTrackScreenshotImgContainer"
    style="left: 225px; width: 37.5px;"
  >
    <img
      alt="Screenshot recorded at 0.005s"
      class="timelineTrackScreenshotImg"
      src="CompositorScreenshot"
      style="width: 100px; height: 50px;"
    />
  </div>
  <div
    class="timelineTrackScreenshotImgContainer"
    style="left: 262.5px; width: 37.5px;"
  >
    <img
      alt="Screenshot recorded at 0.006s"
      class="timelineTrackScreenshotImg"
      src="CompositorScreenshot"
      style="width: 100px; height: 50px;"
    />
  </div>
  <div
    class="timelineTrackScreenshotImgContainer"
    style="left: 300px; width: 37.5px;"
  >
    <img
      alt="Screenshot recorded at 0.007s"
      class="timelineTrackScreenshotImg"
      src="CompositorScreenshot"
      style="width: 100px; height: 50px;"
    />
  </div>
  <div
    class="timelineTrackScreenshotImgContainer"
    style="left: 337.5px; width: 37.5px;"
  >
    <img
      alt="Screenshot recorded at 0.008s"
      class="timelineTrackScreenshotImg"
      src="CompositorScreenshot"
      style="width: 100px; height: 50px;"
    />
  </div>
  <div
    class="timelineTrackScreenshotImgContainer"
    style="left: 375px; width: 37.5px;"
  >
    <img
      alt="Screenshot recorded at 0.009s"
      class="timelineTrackScreenshotImg"
      src="CompositorScreenshot"
      style="width: 100px; height: 50px;"
    />
  </div>
</div>
`;
